\BOOKMARK [1][-]{section.1}{\376\377\000I\000n\000t\000r\000o\000d\000u\000c\000t\000i\000o\000n}{}% 1
\BOOKMARK [1][-]{section.2}{\376\377\000B\000a\000c\000k\000g\000r\000o\000u\000n\000d}{}% 2
\BOOKMARK [2][-]{subsection.2.1}{\376\377\000L\000o\000g\000i\000c\000a\000l\000\040\000C\000r\000e\000d\000a\000l\000\040\000N\000e\000t\000w\000o\000r\000k\000s}{section.2}% 3
\BOOKMARK [2][-]{subsection.2.2}{\376\377\000C\000h\000a\000i\000n\000\040\000G\000r\000a\000p\000h\000s}{section.2}% 4
\BOOKMARK [2][-]{subsection.2.3}{\376\377\000F\000a\000c\000t\000o\000r\000i\000z\000a\000t\000i\000o\000n\000\040\000f\000o\000r\000\040\000C\000h\000a\000i\000n\000\040\000G\000r\000a\000p\000h\000s}{section.2}% 5
\BOOKMARK [1][-]{section.3}{\376\377\000F\000r\000o\000m\000\040\000L\000C\000N\000s\000\040\000t\000o\000\040\000C\000r\000e\000d\000a\000l\000\040\000N\000e\000t\000w\000o\000r\000k\000s}{}% 6
\BOOKMARK [2][-]{subsection.3.1}{\376\377\000T\000h\000e\000\040\000F\000a\000c\000t\000o\000r\000i\000z\000a\000t\000i\000o\000n\000\040\000P\000i\000p\000e\000l\000i\000n\000e}{section.3}% 7
\BOOKMARK [2][-]{subsection.3.2}{\376\377\000F\000a\000c\000t\000o\000r\000\040\000G\000r\000a\000p\000h\000\040\000R\000e\000p\000r\000e\000s\000e\000n\000t\000a\000t\000i\000o\000n}{section.3}% 8
\BOOKMARK [1][-]{section.4}{\376\377\000A\000p\000p\000r\000o\000x\000i\000m\000a\000t\000e\000\040\000I\000n\000f\000e\000r\000e\000n\000c\000e\000\040\000A\000l\000g\000o\000r\000i\000t\000h\000m\000s}{}% 9
\BOOKMARK [2][-]{subsection.4.1}{\376\377\000C\000r\000e\000d\000a\000l\000\040\000V\000a\000r\000i\000a\000b\000l\000e\000\040\000E\000l\000i\000m\000i\000n\000a\000t\000i\000o\000n}{section.4}% 10
\BOOKMARK [2][-]{subsection.4.2}{\376\377\000I\000n\000t\000e\000r\000v\000a\000l\000\040\000B\000e\000l\000i\000e\000f\000\040\000P\000r\000o\000p\000a\000g\000a\000t\000i\000o\000n}{section.4}% 11
\BOOKMARK [2][-]{subsection.4.3}{\376\377\000A\000p\000p\000r\000o\000x\000L\000P\000:\000\040\000C\000o\000o\000r\000d\000i\000n\000a\000t\000e\000\040\000D\000e\000s\000c\000e\000n\000t}{section.4}% 12
\BOOKMARK [1][-]{section.5}{\376\377\000E\000x\000p\000e\000r\000i\000m\000e\000n\000t\000s}{}% 13
\BOOKMARK [2][-]{subsection.5.1}{\376\377\000S\000e\000t\000u\000p}{section.5}% 14
\BOOKMARK [2][-]{subsection.5.2}{\376\377\000A\000c\000c\000u\000r\000a\000c\000y\000\040\000C\000o\000m\000p\000a\000r\000i\000s\000o\000n}{section.5}% 15
\BOOKMARK [2][-]{subsection.5.3}{\376\377\000S\000c\000a\000l\000a\000b\000i\000l\000i\000t\000y}{section.5}% 16
\BOOKMARK [2][-]{subsection.5.4}{\376\377\000A\000l\000g\000o\000r\000i\000t\000h\000m\000\040\000C\000o\000m\000p\000a\000r\000i\000s\000o\000n}{section.5}% 17
\BOOKMARK [1][-]{section.6}{\376\377\000R\000e\000l\000a\000t\000e\000d\000\040\000W\000o\000r\000k}{}% 18
\BOOKMARK [1][-]{section.7}{\376\377\000C\000o\000n\000c\000l\000u\000s\000i\000o\000n}{}% 19
\BOOKMARK [1][-]{appendix.A}{\376\377\000D\000e\000t\000a\000i\000l\000e\000d\000\040\000R\000u\000n\000n\000i\000n\000g\000\040\000E\000x\000a\000m\000p\000l\000e\000s}{}% 20
\BOOKMARK [2][-]{subsection.A.1}{\376\377\000I\000B\000P\000\040\000T\000r\000a\000c\000e\000:\000\040\000P\000\050\000B\000=\0001\000\051\000,\000\040\000N\000o\000\040\000E\000v\000i\000d\000e\000n\000c\000e}{appendix.A}% 21
\BOOKMARK [2][-]{subsection.A.2}{\376\377\000A\000p\000p\000r\000o\000x\000L\000P\000\040\000T\000r\000a\000c\000e\000:\000\040\000P\000\050\000B\000=\0001\000\051\000,\000\040\000N\000o\000\040\000E\000v\000i\000d\000e\000n\000c\000e}{appendix.A}% 22
